C51 COMPILER V9.01   MAIN                                                                  04/18/2018 23:40:32 PAGE 1   


C51 COMPILER V9.01, COMPILATION OF MODULE MAIN
OBJECT MODULE PLACED IN main.OBJ
COMPILER INVOKED BY: D:\Keil4\C51\BIN\C51.EXE main.c BROWSE DEBUG OBJECTEXTEND

line level    source

   1          #include <reg52.h>
   2          sbit ADDR0 = P1^0;
   3          sbit ADDR1 = P1^1;
   4          sbit ADDR2 = P1^2;
   5          sbit ADDR3 = P1^3;
   6          sbit ENLED = P1^4;
   7          unsigned char code image[] = { 
   8                                                             0xFF,0xFF,0xFF,0xFF,0xFF,0xFF,0xFF,0xFF,
   9                                             0xE7,0xE7,0xE7,0xE7,0xE7,0xE7,0x00,0x00, //T
  10                                                                             0xFF,0xFF,0xFF,0xFF,0xFF,0xFF,0xFF,0xFF,
  11                                             0x3C,0x3C,0xBD,0x81,0xDB,0xDB,0xC3,0xE7, //A
  12                                                                             0xFF,0xFF,0xFF,0xFF,0xFF,0xFF,0xFF,0xFF,
  13                                                                             0x98,0x9D,0xAD,0xAD,0xB5,0xB5,0xB9,0x19, //N
  14                                                                             0xFF,0xFF,0xFF,0xFF,0xFF,0xFF,0xFF,0xFF,
  15                                                                             0x80,0xBC,0xAE,0x8E,0xFE,0xFE,0xBC,0x80, //G
  16                                                                             0xFF,0xFF,0xFF,0xFF,0xFF,0xFF,0xFF,0xFF,
  17                                                                             0xE3,0xEB,0xEF,0xEF,0xEF,0xEF,0xEF,0x01, //J
  18                                                                             0xFF,0xFF,0xFF,0xFF,0xFF,0xFF,0xFF,0xFF,
  19                                                                             0x81,0xE7,0xE7,0xE7,0xE7,0xE7,0xE7,0x81, //I
  20                                                                             0xFF,0xFF,0xFF,0xFF,0xFF,0xFF,0xFF,0xFF,
  21                                                                             0xFF,0x80,0xFC,0xFC,0x80,0xFC,0xFC,0x80, //E
  22                                                                             0xFF,0xFF,0xFF,0xFF,0xFF,0xFF,0xFF,0xFF                                  
  23          };      //图片的字模表
  24          void main()
  25          {
  26   1      EA = 1; //使能总中断
  27   1      ENLED = 0; //使能 U4，选择 LED 点阵
  28   1      ADDR3 = 0;
  29   1      
  30   1      TMOD = 0x01; //设置 T0 为模式 1
  31   1      TH0 = 0xFC; //为 T0 赋初值 0xFC67，定时 1ms
  32   1      TL0 = 0x67;
  33   1      ET0 = 1; //使能 T0 中断
  34   1      TR0 = 1; //启动 T0
  35   1      while (1);
  36   1      }
  37          /* 定时器 0 中断服务函数 */
  38          void InterruptTimer0() interrupt 1
  39          {
  40   1      static unsigned char i = 0; //动态扫描的索引
  41   1      static unsigned char tmr = 0; //250ms 软件定时器
  42   1      static unsigned char index = 0; //图片刷新索引
  43   1      TH0 = 0xFC; //重新加载初值
  44   1      TL0 = 0x67;
  45   1      //以下代码完成 LED 点阵动态扫描刷新
  46   1      P0 = 0xFF; //显示消隐
  47   1      switch (i)
  48   1      {
  49   2      case 0: ADDR2=1; ADDR1=1; ADDR0=1; i++; P0=image[index+0]; break;
  50   2      case 1: ADDR2=1; ADDR1=1; ADDR0=0; i++; P0=image[index+1]; break;
  51   2      case 2: ADDR2=1; ADDR1=0; ADDR0=1; i++; P0=image[index+2]; break;
  52   2      case 3: ADDR2=1; ADDR1=0; ADDR0=0; i++; P0=image[index+3]; break;
  53   2      case 4: ADDR2=0; ADDR1=1; ADDR0=1; i++; P0=image[index+4]; break;
  54   2      case 5: ADDR2=0; ADDR1=1; ADDR0=0; i++; P0=image[index+5]; break;
  55   2      case 6: ADDR2=0; ADDR1=0; ADDR0=1; i++; P0=image[index+6]; break;
C51 COMPILER V9.01   MAIN                                                                  04/18/2018 23:40:32 PAGE 2   

  56   2      case 7: ADDR2=0; ADDR1=0; ADDR0=0; i=0; P0=image[index+7]; break;
  57   2      default: break;
  58   2      }
  59   1      //以下代码完成每 250ms 改变一帧图像
  60   1      tmr++;
  61   1      if (tmr >= 250) //达到 250ms 时改变一次图片索引
  62   1      {
  63   2      tmr = 0;
  64   2      index++;
  65   2      if (index >= 112) //图片索引达到 112 后归零
  66   2      {
  67   3      index = 0;
  68   3      }
  69   2      }
  70   1      }


MODULE INFORMATION:   STATIC OVERLAYABLE
   CODE SIZE        =    240    ----
   CONSTANT SIZE    =    120    ----
   XDATA SIZE       =   ----    ----
   PDATA SIZE       =   ----    ----
   DATA SIZE        =      3    ----
   IDATA SIZE       =   ----    ----
   BIT SIZE         =   ----    ----
END OF MODULE INFORMATION.


C51 COMPILATION COMPLETE.  0 WARNING(S),  0 ERROR(S)
